{"level":"\u001b[34minfo\u001b[0m","time":"2020-07-15T12:17:56.033+0800","caller":"tstfun/zapfun.go:124","msg":"add group failed","error":"param is error","id":123456,"url":"www.baidu.com","attempt":3,"backoff":1,"retstr=":"{\"Name\":\"username_123\",\"Age\":32}"}
{"level":"\u001b[34minfo\u001b[0m","time":"2020-07-15T12:19:39.282+0800","caller":"tstfun/zapfun.go:125","msg":"add group failed","error":"param is error","id":123456,"url":"www.baidu.com","attempt":3,"backoff":1,"retstr=":"{\"Name\":\"username_123\",\"Age\":32}","error":"null client obj"}
{"level":"\u001b[34minfo\u001b[0m","time":"2020-07-15T12:21:08.714+0800","caller":"tstfun/zapfun.go:126","msg":"add group failed","error":"param is error","id":123456,"url":"www.baidu.com","attempt":3,"backoff":1,"retstr=":"{\"Name\":\"username_123\",\"Age\":32}"}
{"level":"\u001b[34minfo\u001b[0m","time":"2020-07-15T12:21:26.006+0800","caller":"tstfun/zapfun.go:126","msg":"add group failed","error":"param is error","id":123456,"url":"www.baidu.com","attempt":3,"backoff":1,"retstr=":"{\"Name\":\"username_123\",\"Age\":32}"}
{"level":"\u001b[34minfo\u001b[0m","time":"2020-07-15T12:21:36.383+0800","caller":"tstfun/zapfun.go:126","msg":"add group failed","error":"param is error","id":123456,"url":"www.baidu.com","attempt":3,"backoff":1,"retstr=":"{\"Name\":\"username_123\",\"Age\":32}"}
{"level":"\u001b[34minfo\u001b[0m","time":"2020-07-17T15:56:21.660+0800","caller":"tstfun/zapfun.go:127","msg":"add group failed","error":"param is error","id":123456,"url":"www.baidu.com","attempt":3,"backoff":1,"retstr=":"{\"Name\":\"username_123\",\"Age\":32}"}
{"level":"\u001b[34minfo\u001b[0m","time":"2020-07-17T15:56:36.770+0800","caller":"tstfun/zapfun.go:127","msg":"add group failed","error":"param is error","id":123456,"url":"www.baidu.com","attempt":3,"backoff":1,"retstr=":"{\"Name\":\"username_123\",\"Age\":32}"}
{"level":"\u001b[34minfo\u001b[0m","time":"2020-07-17T15:57:17.036+0800","caller":"tstfun/zapfun.go:127","msg":"add group failed","error":"param is error","id":123456,"url":"www.baidu.com","attempt":3,"backoff":1,"retstr=":"{\"Name\":\"username_123\",\"Age\":32}"}
{"level":"\u001b[34minfo\u001b[0m","time":"2020-07-17T16:31:27.189+0800","caller":"tstfun/zapfun.go:127","msg":"add group failed","error":"param is error","id":123456,"url":"www.baidu.com","attempt":3,"backoff":1,"retstr=":"{\"Name\":\"username_123\",\"Age\":32}"}
